[    0.000000] Initializing cgoup subsys cpuset
[    0.000000] Initializing cgroup subsys cpu
[    0.000000] Iniiaizing cgroup sbss cpuacct
[    0.000000] Linux version 4.4.0-112-generic (buildd@lgw01-amd64-010) (gcc version 5.4.0 20160609 (Ubuntu 5.4.0-6ubuntu1~16.04.5) ) #135-Ubuntu SMP Fri Jan 19 11:48:36 UTC 2018 (Ubuntu 4.4.0-112.135-generi 44.98
    0.000000] Command line: BOOT_IMAGE=/boot/vmlinuz-4.4.0-112-generic root=UUID=b6adc449-5e3d-4331-ba6b-6e99a75fa48e ro console=tty1 console=ttyS0
[    0.000000] KERNEL supported cpus:
[    0.0000]  Inel Genunentel
[    0.000000]   AMD AuthenticAMD
[    0.000000]   Centaur CentaurHauls
[    0.000000] x86/fpu: xstate_offset[2]:  576, xstate_sizes[2]:  256
[    0.000000] x86/fpu: Supporting XSAVE feature 0x01: 'x87 floatin pint registers'
[    0.000000] x/fpu: upporting XSAVE feature 0x02: 'SSE registers'
[    0.000000] x86/fpu: Supporting XSAVE feature 0x04: 'AVX registers'
[    0.000000] x86/fpu: Enabled xstate features 0x7, context size is 832 bytes, using 'standard' format.
[    0.000000] x86/fpu: Using 'lazy' FPU context switches.[   0.0000] e80:IOS-pvidephsialRAM ma:
[   .000000]BIO-e20: em 0000000000000x00000000009fbff] usable
[    0.000000] BIOS-e820: [mem 0x000000000009fc00-0x000000000009ffff] reserved
[    0.000000] BIOS-e820: [mem 0x00000000000f0000-0x00000000000fffff] reered
[    0.000000] BIOS-e820: [mem 0x0000000000100000-0x000000003feffff] usable
[    0.000000] BIOS-e820: [mem 0x000000003fff0000-0x000000003fffffff] ACPI data
[    0.000000] BIOS-e820: [mem 0x00000000fec00000-0x00000000fec00fff] reserved
[    0.000000] BIOS-e820: [mem 0x00000000fee00000-0x00000000fee00fff] reserved
[    0.000000] BIOS-e820: [mem 0x00000000fffc0000-0x00000000ffffffff] reserved
[    0.000000] NX (Execute Disable) protection: active
[    0.000000] SMIO 2.5 pesent.
[    0.000000] Hypervisor detected: KVM
[    0.000000] e820: last_pfn = 0x3fff0 max_arch_pfn = 0x400000000
[    0.000000] MTRR: Disabled
[    0.000000] x86/PAT: MTRRs disabled, skipping PAT initialization too.
[    0.000000] CPU MTRRs all blank - virtualized system.
[   0.00000]x8PAT: Cnfguraio[0-7] W  WT U- UC  WB  WT  UC- UC  
[   0.0000] ound SMP MP-table at [mem 0x0009fff0-0x0009ffff] mapped at [ffff88000009fff0]
[    0.000000] Scanning 1 areas for low memory corruption
[    0.000000] RAMDISK: [me 036adc000-x3565fff
    0.000000] ACPI: Early table checksum verification disabled
[    0.000000] ACPI: RSDP 0x00000000000E0000 000024 (v02 VBOX  )
[    0.000000] ACPI: XSDT 0x000000003FFF0030 00003C (v01 VBOX   VBOXXSDT 00000001 ASL  00000061)
[    0.000000] ACPI: FACP 0x00000003FF00F0 0000F4 (v04 VBOX   VBOXFACP 00000001 ASL  00000061)
[    0.000000] ACPI: DSDT 0x000000003FFF070 0021FF (v02 VBOX   VBOXBIOS 00000002INTL 210528)
[    0.00000]ACPI: FACS 0x000000003FFF0200 000040
[    0.000000] ACPI: FACS 0x000000003FFF0200 000040
[    0.000000] ACPI: APIC 0x00000003F02400000C (v2 BOX  VOXAPCC 0000001 ASL  0000061
    .0000]ACI: SSDT0x00000FFF02 001CC v0 VBOX  VBXCUT 00000002IN 20100528)
[    0.000000] No NUMA configuration found
[    000000] Faking a od at [mem 0x0000000000000000-0x000000003ffeffff]
[    0.000000] NOD_DATA(0) allocaed [me 03ffeb000-03ffffff]
[    0.000000] kvm-clck Using msrs 4b564d01 and 4b564d00
[    0.000000] kvm-clock: cpu 0, msr 0:3ffe3001, pimry cpuclock
[    0.000000] kvm-clock: using sched ofset of 0762691908 cycles
[    0.00000] locksource: kvm-clock: mask: 0xffffffffffffffff max_cycles: 0x1cd42e4dffb, max_idle_ns: 88159059143 ns
[    0.00000] on ranges:
[    0.00000]   DMA      [mem 0x0000000000001000-0x0000000000ffffff]
[    0.000000]   DMA32    [mem 0x0000000001000000-0x000000003ffeffff]
[    0.000000]   Normal   empty
[    .000000]   Device   empty
[    0.000000] Movable zone start for each node
[    0.000000] Early memory node ranges
[    0.00000]   node   0: [mem 0x00000000000100-0x00000000009efff]
[    0.000000]   node   0: [mem 0x0000000000100000-0x00000000ffffff]
    0.000000] Initmem setup node 0 [mem 0x000000000001000-0x000000003ffefff
[    000000] ACPI:PM-imer IO Port: 0x4008
[    0.000000 IAPIC[0]: apic_id 2, version 32, address 0xfec00000, GSI 0-23
[    0.000000] ACPI: INT_SRC_OVR (bus 0 bus_irq 0 global_irq 2 dfl dfl)
[    0.000000] ACPI: INT_SRC_OVR (bus 0 bus_irq 9 global_irq 9 low level)
[    0.000000] Using ACPI (MADT) for SMP configuration information
[    0.000000] smpboot: llowing 2 CPUs, 0 hotplug CPUs
[    0.000000] PM: Registered nosave memory: [mem 0x00000000-0x00000fff]
[    0.000000] PM: Reistere nsave memory: [mem 0x0009f000-0x009fff]
[    000000] PM: Regstered nosave memory [mem 000a0000-0x00efff]
[  00000] PM: Registered nosav mmory [em 0x00f0000-x0000ffff]
[    0.000000] e820: [mem 0x40000000-0xfebfffff] available for PCI devices
[    0.000000] Booting paravirtualized kernel on KVM
[    0.000000] clocksource: fined-jiffies: mask: 0xffffffff max_cycles: 0xffffffff, max_idle_ns: 7645519600211568 ns
[    0.000000] setup_percpu: NR_US:512 nr_cpumask_bits:512 nr_cpu_is: nr_node_ids1
[   0000000] PERCPU: Embedded 34 pages/cpu @ffff88003fc00000 s99544 r8192 d31528 u1048576
[    0.000000] PV qspinlock hash table entries: 256 (order: 0, 4096 bytes)
[    0.000000] Built 1 zonelists in Node order, mobility grouping on.  Total pages: 257913
[    0.000000] Policy zone: DMA32
[    0.000000] Kernel command line: BOOT_IMAGE=/boot/vmlinuz4..0-112-generic root=UUID=b6adc449-5e3d-4331-ba6b-6e99a75fa48e ro console=tty1 console=ttyS0
[    0.000000] PID hash table entries: 4096 (order: 3, 32768 bytes)
[    0.000000] Memory: 1001740K/1048120K available (8499K kernel code, 1309K rwdata, 3988K rodata, 1508K init, 1316K bss, 46380K reserved, 0K cma-reserved)
[    0.000000] SLUB: HWalig=6, Orer=0-3, MinObjects=0, CPUs=2, Nodes=1
[    0.000000] Kernel/User page tables isolation: enabled
[    0.000000] Hierarchical RCU implementation.
[    0.000000] 	Build-time adjustment of leaf fanout to 64.
[    0.000000] 	RCU restricting CPUs from NR_CPUS=512 to nr_cpu_ids=2.
[    0.000000] RCU: Adjusting geometry for rcu_fanout_leaf=64, nr_cpu_ids=2
[    0.000000] NR_IRQS:33024 nr_irqs:440 16
[    0.000000] Console: colour VGA+ 80x5
[  0.000000] console [ty] enabed
[    0.00000]conslettyS] nabled[    0.000000] tsc: Detected 2394.562 MHz processor
[    6.173982] Calibrating delay loop (skipped) preset value.. 4789.12 BogoMIPS (lpj=9578248)
[    6.197757] pid_max: default: 32768 minimum: 301
[    6.202368] ACPI: Core revision 20150930
[    6.204756] ACPI: 2 ACPI AML tables successfully acquired and loaded
[    6.206647] Security Framework initialized
[    6.207779] Yama: becoming mindful.
[    6.208841] AppArmor: AppArmor initialized
[    6.210528] Dentry cache hash table entries: 131072 (order: 8, 1048576 bytes)
[    6.340935] Inode-cache hash table entries: 65536 (order: 7, 524288 bytes)
[    6.357281] Mount-cache hash table entries: 2048 (order: 2, 16384 bytes)
[    6.407069] Mountpoint-cache hash table entries: 2048 (order: 2, 16384 bytes)
[    6.423342] Initializing cgroup subsys io
[    6.430361] Initializing cgroup subsys memory
[    6.434288] Initializing cgroup subsys devices
[    6.444796] Initializing cgroup subsys freezer
[    6.449848] Initializing cgroup subsys net_cls
[    6.456840] Initializing cgroup subsys perf_event
[    6.461573] Initializing cgroup subsys net_prio
[    6.528016] Initializing cgroup subsys hugetlb
[    6.530270] Initializing cgroup subsys pids
[    6.600359] CPU: Physical Processor ID: 0
[    6.686817] CPU: Processor Core ID: 0
[    6.742364] FEATURE SPEC_CTRL Not Present
[    6.826364] mce: CPU supports 0 MCE banks
[    6.881614] Last level iTLB entries: 4KB 512, 2MB 8, 4MB 8
[    6.969936] Last level dTLB entries: 4KB 512, 2MB 32, 4MB 32, 1GB 0
[    7.072766] Freeing SMP alternatives memory: 32K
[    7.152406] ftrace: allocating 32180 entries in 126 pages
[    7.258103] smpboot: APIC(0) Converting physical 0 to logical package 0
[    7.361628] smpboot: Max logical packages: 1
[    7.437571] x2apic enabled
[    7.483048] Switched APIC routing to physical x2apic.
[    7.489714] ..TIMER: vector=0x30 apic1=0 pin1=2 apic2=-1 pin2=-1
[    7.621282] smpboot: CPU0: Intel(R) Core(TM) i3-3110M CPU @ 2.40GHz (family: 0x6, model: 0x3a, stepping: 0x9)
[    7.648318] Performance Events: unsupported p6 CPU model 58 no PMU driver, software events only.
[    7.673961] KVM setup paravirtual spinlock
[    7.692251] x86: Booting SMP configuration:
[    7.761745] .... node  #0, CPUs:      #1
[    7.847223] kvm-clock: cpu 1, msr 0:3ffe3041, secondary cpu clock
[    7.848909] mce: CPU supports 0 MCE banks
[    7.851933] x86: Booted up 1 node, 2 CPUs
[    7.885058] smpboot: Total of 2 processors activated (9578.24 BogoMIPS)
[    7.972878] devtmpfs: initialized
[    8.018427] evm: security.selinux
[    8.091028] evm: security.SMACK64
[    8.139229] evm: security.SMACK64EXEC
[    8.195012] evm: security.SMACK64TRANSMUTE
[    8.248370] evm: security.SMACK64MMAP
[    8.292249] evm: security.ima
[    8.304270] evm: security.capability
[    8.334936] clocksource: jiffies: mask: 0xffffffff max_cycles: 0xffffffff, max_idle_ns: 7645041785100000 ns
[    8.460016] futex hash table entries: 512 (order: 3, 32768 bytes)
[    8.540298] pinctrl core: initialized pinctrl subsystem
[    8.560963] RTC time: 12:29:33, date: 02/06/18
[    8.579985] NET: Registered protocol family 16
[    8.618351] cpuidle: using governor ladder
[    8.674009] cpuidle: using governor menu
[    8.699859] PCCT header not found.
[    8.705139] ACPI: bus type PCI registered
[    8.719328] acpiphp: ACPI Hot Plug PCI Controller Driver version: 0.5
[    8.803358] PCI: Using configuration type 1 for base access
[    8.833024] ACPI: Added _OSI(Module Device)
[    8.865037] ACPI: Added _OSI(Processor Device)
[    8.900281] ACPI: Added _OSI(3.0 _SCP Extensions)
[    8.972395] ACPI: Added _OSI(Processor Aggregator Device)
[    9.059189] ACPI: Executed 1 blocks of module-level executable AML code
[    9.090198] ACPI: Interpreter enabled
[    9.134118] ACPI: (supports S0 S5)
[    9.201708] ACPI: Using IOAPIC for interrupt routing
[    9.293983] PCI: Using host bridge windows from ACPI; if necessary, use "pci=nocrs" and report a bug
[    9.340620] ACPI: PCI Root Bridge [PCI0] (domain 0000 [bus 00-ff])
[    9.465421] acpi PNP0A03:00: _OSC: OS supports [ASPM ClockPM Segments MSI]
[    9.513428] acpi PNP0A03:00: _OSC: not requesting OS control; OS requires [ExtendedConfig ASPM ClockPM MSI]
[    9.543061] acpi PNP0A03:00: fail to add MMCONFIG information, can't access extended PCI configuration space under this bridge.
[    9.555381] PCI host bridge to bus 0000:00
[    9.620730] pci_bus 0000:00: root bus resource [io  0x0000-0x0cf7 window]
[    9.710847] pci_bus 0000:00: root bus resource [io  0x0d00-0xffff window]
[    9.816155] pci_bus 0000:00: root bus resource [mem 0x000a0000-0x000bffff window]
[    9.907975] pci_bus 0000:00: root bus resource [mem 0x40000000-0xfdffffff window]
[    9.939599] pci_bus 0000:00: root bus resource [bus 00-ff]
[    9.989523] pci 0000:00:01.1: legacy IDE quirk: reg 0x10: [io  0x01f0-0x01f7]
[   10.028209] pci 0000:00:01.1: legacy IDE quirk: reg 0x14: [io  0x03f6]
[   10.050736] pci 0000:00:01.1: legacy IDE quirk: reg 0x18: [io  0x0170-0x0177]
[   10.060724] pci 0000:00:01.1: legacy IDE quirk: reg 0x1c: [io  0x0376]
[   10.103458] pci 0000:00:07.0: quirk: [io  0x4000-0x403f] claimed by PIIX4 ACPI
[   10.125968] pci 0000:00:07.0: quirk: [io  0x4100-0x410f] claimed by PIIX4 SMB
[   10.183585] ACPI: PCI Interrupt Link [LNKA] (IRQs 5 9 10 *11)
[   10.221344] ACPI: PCI Interrupt Link [LNKB] (IRQs 5 9 *10 11)
[   10.226024] ACPI: PCI Interrupt Link [LNKC] (IRQs 5 *9 10 11)
[   10.252213] ACPI: PCI Interrupt Link [LNKD] (IRQs 5 9 10 *11)
[   10.255011] ACPI: Enabled 2 GPEs in block 00 to 07
[   10.263255] vgaarb: setting as boot device: PCI:0000:00:02.0
[   10.315040] vgaarb: device added: PCI:0000:00:02.0,decodes=io+mem,owns=io+mem,locks=none
[   10.345605] vgaarb: loaded
[   10.381539] vgaarb: bridge control possible 0000:00:02.0
[   10.411560] SCSI subsystem initialized
[   10.425566] ACPI: bus type USB registered
[   10.437916] usbcore: registered new interface driver usbfs
[   10.456825] usbcore: registered new interface driver hub
[   10.470705] usbcore: registered new device driver usb
[   10.479153] PCI: Using ACPI for IRQ routing
[   10.530414] NetLabel: Initializing
[   10.534272] NetLabel:  domain hash size = 128
[   10.537142] NetLabel:  protocols = UNLABELED CIPSOv4
[   10.539871] NetLabel:  unlabeled traffic allowed by default
[   10.542897] amd_nb: Cannot enumerate AMD northbridges
[   10.551259] clocksource: Switched to clocksource kvm-clock
[   0.371]ApArr:Aprmr lest Ebld
[   11.241] p:nPCPinit
[   11.54691] npPnACI:ou 3evce
[   11.996636] clocksource: acpi_pm: mask: 0xffffff max_cycles: 0xffffff, max_idle_ns: 2085701024 ns
[   12.088130] NET: Registered protocol family 2
[   12.097722] TCP established hash table entries: 8192 (order: 4, 65536 bytes)
[   12.187462] TCP bind hash table entries: 8192 (order: 5, 131072 bytes)
[   12.237684] TCP: Hash tables configured (established 8192 bind 8192)
[   12.349852] UDP hash table entries: 512 (order: 2, 16384 bytes)
[   12.487081] UDP-Lite hash table entries: 512 (order: 2, 16384 bytes)
[   12.540081] NET: Registered protocol family 1
[   12.545293] pci 0000:00:00.0: Limiting direct PCI/PCI transfers
[   12.549358] pci 0000:00:01.0: Activating ISA DMA hang workarounds
[   12.575007] Unpacking initramfs...
[   15.243167] Freeing initrd memory: 10792K
[   15.269196] RAPL PMU detected, API unit is 2^-32 Joules, 3 fixed counters 10737418240 ms ovfl timer
[   15.339219] hw unit of domain pp0-core 2^-0 Joules
[   15.348593] hw unit of domain package 2^-0 Joules
[   15.352742] hw unit of domain pp1-gpu 2^-0 Joules
[   15.388562] platform rtc_cmos: registered platform RTC device (no PNP device found)
[   15.391142] Scanning for low memory corruption every 60 seconds
[   15.394129] audit: initializing netlink subsys (disabled)
[   15.408371] audit: type=2000 audit(1517920182.313:1): initialized
[   15.442771] Initialise system trusted keyring
[   15.472003] HugeTLB registered 2 MB page size, pre-allocated 0 pages
[   15.515874] zbud: loaded
[   15.525526] VFS: Disk quotas dquot_6.6.0
[   15.535473] VFS: Dquot-cache hash table entries: 512 (order 0, 4096 bytes)
[   15.546960] squashfs: version 4.0 (2009/01/31) Phillip Lougher
[   15.551706] fuse init (API version 7.23)
[   15.5889]Ke te g_eyreisre
  5.840]Allocating IMAMOanblklt eyins.[ 16907]scRene TC loksurce calibration: 2393.75 z
[   17.342868] clocksource: tsc: mask: 0xffffffffffffffff max_cycles: 0x2281485ed4f, max_idle_ns: 4409524 n

[   17.343323] Key type asymmetricegistre

[   17.343331] Asymmetric key parser 'x509' registered
[   17.343393] Block layer SCSI generic (bsg) driver version 0.4 loaded (major 249)
[   17.343435] io scheduler noop registered
[   17.343437] io scheduler deadline registered (default)
[   17.343520] io scheduler cfq registered
[   17.343693] pci_hotplug: PCI Hot Plug PCI Core version: 0.5
[   17.343699] pciehp: PCI Express Hot Plug Controller Driver version: 0.4
[   17.343934] ACPI: AC Adapter [AC] (off-line)
[   17.344022] input: Power Button as /devices/LNXSYSTM:00/LNXPWRBN:00/input/input0
[   17.344027] ACPI: Power Button [PWRF]
[   17.344205] input: Sleep Button as /devices/LNXSYSTM:00/LNXSLPBN:00/input/input1
[   17.344208] ACPI: Sleep Button [SLPF]
[   17.344831] GHES: HEST is not enabled!
[   17.344995] Serial: 8250/16550 driver, 32 ports, IRQ sharing enabled
[   17.593665] 00:02: ttyS0 at I/O 0x3f8 (irq = 4, base_baud = 115200) is a 16550A
[   17.752731] Linux agpgart interface v0.103
[   17.771573] loop: module loaded
[   17.772533] scsi host0: ata_piix
[   17.772646] scsi host1: ata_piix
[   17.772709] ata1: PATA max UDMA/33 cmd 0x1f0 ctl 0x3f6 bmdma 0xd000 irq 14
[   17.772710] ata2: PATA max UDMA/33 cmd 0x170 ctl 0x376 bmdma 0xd008 irq 15
[   17.772842] libphy: Fixed MDIO Bus: probed
[   17.772844] tun: Universal TUN/TAP device driver, 1.6
[   17.772845] tun: (C) 1999-2004 Max Krasnyansky <maxk@qualcomm.com>
[   17.772916] PPP generic driver version 2.4.2
[   17.772999] ehci_hcd: USB 2.0 'Enhanced' Host Controller (EHCI) Driver
[   17.773008] ehci-pci: EHCI PCI platform driver
[   17.773034] ehci-platform: EHCI generic platform driver
[   17.773048] ohci_hcd: USB 1.1 'Open' Host Controller (OHCI) Driver
[   17.773053] ohci-pci: OHCI PCI platform driver
[   17.773067] ohci-platform: OHCI generic platform driver
[   17.773079] uhci_hcd: USB Universal Host Controller Interface driver
[   17.773174] i8042: PNP: PS/2 Controller [PNP0303:PS2K,PNP0f03:PS2M] at 0x60,0x64 irq 1,12
[   17.774576] ACPI: Battery Slot [BAT0] (battery present)
[   17.879552] serio: i8042 KBD port at 0x60,0x64 irq 1
[   17.879559] serio: i8042 AUX port at 0x60,0x64 irq 12
[   17.879743] mousedev: PS/2 mouse device common for all mice
[   17.880166] rtc_cmos rtc_cmos: rtc core: registered rtc_cmos as rtc0
[   17.880238] rtc_cmos rtc_cmos: alarms up to one day, 114 bytes nvram
[   17.880247] i2c /dev entries driver
[   17.880339] device-mapper: uevent: version 1.0.3
[   17.880410] device-mapper: ioctl: 4.34.0-ioctl (2015-10-28) initialised: dm-devel@redhat.com
[   17.880433] ledtrig-cpu: registered to indicate activity on CPUs
[   17.880824] NET: Registered protocol family 10
[   17.881008] NET: Registered protocol family 17
[   17.881020] Key type dns_resolver registered
[   17.890269] microcode: CPU0 sig=0x306a9, pf=0x2, revision=0x19
[   17.890295] microcode: CPU1 sig=0x306a9, pf=0x2, revision=0x19
[   17.890379] microcode: Microcode Update Driver: v2.01 <tigran@aivazian.fsnet.co.uk>, Peter Oruba
[   17.890537] registered taskstats version 1
[   17.890553] Loading compiled-in X.509 certificates
[   17.891499] Loaded X.509 cert 'Build time autogenerated kernel key: 4c603087bab8f0a02cb3b4e1fb4c40f507e71ef1'
[   17.891525] zswap: loaded using pool lzo/zbud
[   17.894802] Key type trusted registered
[   17.900684] Key type encrypted registered
[   17.900693] AppArmor: AppArmor sha1 policy hashing enabled
[   17.900698] ima: No TPM chip found, activating TPM-bypass!
[   17.900730] evm: HMAC attrs: 0x1
[   17.901173]   Magic number: 6:622:480
[   17.942928] rtc_cmos rtc_cmos: setting system clock to 2018-02-06 12:29:42 UTC (1517920182)
[   17.943104] BIOS EDD facility v0.16 2004-Jun-25, 0 devices found
[   17.943104] EDD information not available.
[   18.219272] input: AT Translated Set 2 keyboard as /devices/platform/i8042/serio0/input/input2
[   20.250282] Freeing unused kernel memory: 1508K
[   20.256002] Write protecting the kernel read-only data: 14336k
[   20.258579] Freeing unused kernel memory: 1728K
[   20.261843] Freeing unused kernel memory: 108K
Loading, please wait...
starting version[   20.326458] random: systemd-udevd: uninitialized urandom read (16 bytes read, 4 bits of entropy available)
 229
[   20.327870] random: udevadm: uninitialized urandom read (16 bytes read, 4 bits of entropy available)
[   20.327912] random: udevadm: uninitialized urandom read (16 bytes read, 4 bits of entropy available)
[   20.348053] random: udevadm: uninitialized urandom read (16 bytes read, 4 bits of entropy available)
[   20.348141] random: udevadm: uninitialized urandom read (16 bytes read, 4 bits of entropy available)
[   20.348456] random: udevadm: uninitialized urandom read (16 bytes read, 4 bits of entropy available)
[   20.348581] random: udevadm: uninitialized urandom read (16 bytes read, 4 bits of entropy available)
[   20.348726] random: udevadm: uninitialized urandom read (16 bytes read, 4 bits of entropy available)
[   20.348838] random: udevadm: uninitialized urandom read (16 bytes read, 4 bits of entropy available)
[   20.348945] random: udevadm: uninitialized urandom read (16 bytes read, 4 bits of entropy available)
[   20.495174] Fusion MPT base driver 3.04.20
[   20.509050] Copyright (c) 1999-2008 LSI Corporation
[   20.530431] e1000: Intel(R) PRO/1000 Network Driver - version 7.3.21-k8-NAPI
[   20.539545] e1000: Copyright (c) 1999-2006 Intel Corporation.
[   20.606913] Fusion MPT SPI Host driver 3.04.20
[   20.773341] input: ImExPS/2 Generic Explorer Mouse as /devices/platform/i8042/serio1/input/input4
[   21.261461] e1000 0000:00:03.0 eth0: (PCI:33MHz:32-bit) 08:00:27:ce:35:23
[   21.370222] e1000 0000:00:03.0 eth0: Intel(R) PRO/1000 Network Connection
[   21.480278] mptbase: ioc0: Initiating bringup
[   21.527097] e1000 0000:00:03.0 enp0s3: renamed from eth0
[   21.595603] ioc0: LSI53C1030 A0: Capabilities={Initiator}
[   21.862691] scsi host2: ioc0: LSI53C1030 A0, FwRev=00000000h, Ports=1, MaxQ=256, IRQ=20
[   22.089318] scsi 2:0:0:0: Direct-Access     VBOX     HARDDISK         1.0  PQ: 0 ANSI: 5
[   22.152515] scsi target2:0:0: Beginning Domain Validation
[   22.242972] scsi target2:0:0: Domain Validation skipping write tests
[   22.349065] scsi target2:0:0: Ending Domain Validation
[   22.488387] scsi target2:0:0: asynchronous
[   22.523948] scsi 2:0:1:0: Direct-Access     VBOX     HARDDISK         1.0  PQ: 0 ANSI: 5
[   22.651970] scsi target2:0:1: Beginning Domain Validation
[   22.691409] scsi target2:0:1: Domain Validation skipping write tests
[   22.715673] scsi target2:0:1: Ending Domain Validation
[   22.763985] scsi target2:0:1: asynchronous
[   22.841502] sd 2:0:0:0: Attached scsi generic sg0 type 0
[   22.854680] sd 2:0:0:0: [sda] 20971520 512-byte logical blocks: (10.7 GB/10.0 GiB)
[   22.875628] sd 2:0:0:0: [sda] Write Protect is off
[   22.925178] sd 2:0:1:0: [sdb] 20480 512-byte logical blocks: (10.5 MB/10.0 MiB)
[   22.943064] sd 2:0:0:0: [sda] Incomplete mode parameter data
[   22.943195] sd 2:0:1:0: Attached scsi generic sg1 type 0
[   22.944388] sd 2:0:1:0: [sdb] Write Protect is off
[   22.945094] sd 2:0:1:0: [sdb] Incomplete mode parameter data
[   22.945098] sd 2:0:1:0: [sdb] Assuming drive cache: write through
[   23.001941] sd 2:0:1:0: [sdb] Attached SCSI disk
[   23.020297] sd 2:0:0:0: [sda] Assuming drive cache: write through
[   23.076717]  sda: sda1
[   23.108713] sd 2:0:0:0: [sda] Attached SCSI disk
[   23.515821] floppy0: no floppy controllers found
Begin: Loading e[   26.237684] md: linear personality registered for level -1
ssential drivers ... [   26.298032] md: multipath personality registered for level -4
[   26.365575] md: raid0 personality registered for level 0
[   26.374426] md: raid1 personality registered for level 1
[   26.467370] raid6: sse2x1   gen()  5232 MB/s
[   26.535323] raid6: sse2x1   xor()  4562 MB/s
[   26.607638] raid6: sse2x2   gen()  7390 MB/s
[   26.727299] raid6: sse2x2   xor()  5458 MB/s
[   26.875588] raid6: sse2x4   gen()  9140 MB/s
[   26.991364] raid6: sse2x4   xor()  3770 MB/s
[   27.036187] raid6: using algorithm sse2x4 gen() 9140 MB/s
[   27.094438] raid6: .... xor() 3770 MB/s, rmw enabled
[   27.166792] raid6: using ssse3x2 recovery algorithm
[   27.252669] xor: automatically using best checksumming function:
[   27.387807]    avx       : 12893.000 MB/sec
[   27.427988] async_tx: api initialized (async)
[   27.495646] md: raid6 personality registered for level 6
[   27.515988] md: raid5 personality registered for level 5
[   27.528071] md: raid4 personality registered for level 4
[   27.539990] md: raid10 personality registered for level 10
done.
Begin: Running /scripts/init-premount ... done.
Begin: Mounting root file system ... Begin: Running /scripts/local-top ... done.
Begin: Running /scripts/local-premount ... [   27.645116] Btrfs loaded
Scanning for Btrfs filesystems
done.
Warning: fsck not present, so sk[   27.761456] EXT4-fs (sda1): INFO: recovery required on readonly filesystem
ipping root file[   27.830307] EXT4-fs (sda1): write access will be enabled during recovery
 system
[   28.020087] EXT4-fs (sda1): recovery complete
[   28.768237] EXT4-fs (sda1): mounted filesystem with ordered data mode. Opts: (null)
done.
Begin: Running /scripts/local-bottom ... done.
Begin: Running /scripts/init-bottom ... done.
[ 306643 rndm: nnblockngoo is initialized

[   3.646] std[: ysmd29ruin i system de(+M UD +LINU +MAAPARR MA +SVNI+UP IBRYSETUP +GCRYPT+GTL +L Z Z4 +SECCOMP +BLKID +ELFTIS MO-I)
[   3.702 ste[1 Dtete virualitin ac.
[  34540]ysmd]: Decd chtectue 6-.

Welcome to [1mUbuntu 16.04.3 LTS[0m!

[ 35305001] systemd[1]: Set hostname to <ubuntu-xenial>.

[  37.50949] systemd]: Listening on Syslog Socket.
[[0;32m  OK  [0m] Listening on Syslog Socket.
[   37.728361] sstmd]:iseng  Jrnl Soket /d/l).
[[0;32m  OK  [0m] Listening on Journal Socket (/dev/log).
[ 3820735] sstmd]: StartedFowa PsswordReess o al Dreory Watch.
[[0;32m  OK  [0m] Started Forward Password Requests to Wall Directory Watch.
[  4.2276]ysmd[1] S u automount Arbitrary Executable File Formats File System Automount Point.
[[0;32m  OK  [0m] Set up automount Arbitrary Executab...ats File System Automount Point.
[ 41126]ysmd]:isening o ude Ctr Ske
[[0;32m  OK  [0m] Listening on udev Control Socket.
[   4.558 stemd[1]: reedlie Syst Sce

[[0;32m  OK  [0m] Created slice System Slice.
[  43.1963 sstmd]:Crte sic stepogrqllice.

[[0;32m  OK  [0m] Created slice system-postgresql.slice.
[ 43777]systemd[1]: Created slie st-siax2et.sce
[[0;32m  OK  [0m] Created slice system-serial\x2dgetty.slice.
[  43142systemd[1]: Listening on LVM2 poll daemon socket.
[[0;32m  OK  [0m] Listening on LVM2 poll daemon socket.
[   46.196496] systemd[1]: Listening on Joural Socket.
[[0;32m  OK  [0m] Listening on Journal Socket.
[   47.256315] systemd[1]: Starting Set console keymap...
         Starting Set console keymap...
[   47.384224] systemd[1]: Starting Nameserver information manager...
         Starting Nameserver information manager...
[   47.484248] systemd[1]: Mounting Huge Pages File System...
         Mounting Huge Pages File System...
[   47.547697] systemd[1]: Mounting POSIX Message Queue File System...
         Mounting POSIX Message Queue File System...
[   47.588998] systemd[1]: Mounting Debug File System...
         Mounting Debug File System...
[   47.598788] systemd[1]: Starting Remount Root and Kernel File Systems...
         Starting Remount Root and Kernel File Systems...[   47.639085] EXT4-fs (sda1): re-mounted. Opts: (null)

[   47.775622] systemd[1]: Reached target Swap.
[[0;32m  OK  [0m] Reached target Swap.
[   47.872127] systemd[1]: isni o L2 etadaa aemon sck.
[[0;32m  OK  [0m] Listening on LVM2 metadata daemon socket.
[   48.4229] systemd[1]: Listening on udev Kernel Sckt.

[[0;32m  OK  [0m] Listening on udev Kernel Socket.
[   8.549]ysmd]:isni oDece-mpp eent aen IFs.
[[0;32m  OK  [0m] Listening on Device-mapper event daemon FIFOs.
[   49.651833] systemd[1]: Starting Monitoring of LVM2 mirrors, snapshots etc. using dmeventd or progress polling...
         Starting Monitoring of LVM2 mirrors... dmeventd or progress polling...
[   49.717996] systemd[1]: Reahed rgt erndro Ne ookups
[[0;32m  OK  [0m] Reached target User and Group Name Lookups.
[   50.288258] systemd[1]: Starting Create list of required static device nodes for the current kernel...
         Starting Create list of required st... nodes for the current kernel...
[   50.320213] systemd[1]: Created slice User and Session Slice.
[[0;32m  OK  [0m] Created slice User and Session Slice.
[   50.36374]ysem[1: isenngonJornal Adi Sckt.
[[0;32m  OK  [0m] Listening on Journal Audit Socket.
[   50.975708] systemd[1]: Starting Journal Service...
         Starting Journal Service...
[   51.024553] systemd[1]: Starting Uncomplicated firewall...
         Starting Uncomplicated firewall...
[   51.099931]ysemd[1]: Reahetaget lis.
[[0;32m  OK  [0m] Reached target Slices.
[   51.527983] systemd[1]: Started Trigger resolvconf update for networkd DNS.
[[0;32m  OK  [0m] Started Trigger resolvconf update for networkd DNS.
[   51.678780] systemd[1]: Listening on /dev/initctl Compatibility Named Pipe.
[[0;32m  OK  [0m] Listening on /dev/initctl Compatibility Named Pipe.
[  58951system[1]: Reached target Encrypted Volumes.
[[0;32m  OK  [0m] Reached target Encrypted Volumes.
[   52.263846] systemd[1]: Starting Load Kernel Modules...
         Starting Load Kernel Modules...
[   52.363691] Loading iSCSI transport class v2.0-870.
[   52.425786] systemd[1]: Mounted Huge Pages File System.
[[0;32m  OK  [0m] Mounted Huge Pages File System.
[   52.532107] systemd[1]: Mounted Debug File System.
[[0;32m  OK  [0[   52.565114] iscsi: registered transport (tcp)
m] Mounted Debug File System.
[   526269] syte[1 Mnt PIXesgeQueue FleSystem.
[[0;32m  OK  [0m] Mounted POSIX Message Queue File System.
[   53.381016] systemd[1]: Started Journal Service.
[[0;32m  OK  [0m] Started Journal Service.
[[0;32m  OK  [0m] Started Set console keymap.
[[0;32m  OK  [0[   53.508411] iscsi: registered transport (iser)
m] Started Remount Root and Kernel File Systems.
[[0;32m  OK  [0m] Started Create list of required sta...ce nodes for the current kernel.
[[0;32m  OK  [0m] Started Uncomplicated firewall.
[[0;32m  OK  [0m] Started Load Kernel Modules.
[[0;32m  OK  [0m] Started Nameserver information manager.
[[0;32m  OK  [0m] Started LVM2 metadata daemon.
         Mounting FUSE Control File System...
         Starting Apply Kernel Variables...
         Starting Create Static Device Nodes in /dev...
         Starting Initial cloud-init job (pre-networking)...
         Starting Load/Save Random Seed...
         Starting udev Coldplug all Devices...
         Starting Flush Journal to Persistent Storage...
[[0;32m  OK  [0m] Mounted FUSE Control File System.
[[0;32m  OK  [0m] Started Apply Kernel Variables.
[[0;32m  OK  [0m] Started Load/Save Random Seed.
[[0;32m  OK  [0m] Started Monitoring of LVM2 mirrors,...ng dmeventd or progress polling.
[[0;32m  OK  [0m] Started udev Coldplug all Devices.
[[0;32m  OK  [0m] Started Flush Journal to Persistent Storage.
[[0;32m  OK  [0m] Started Create Static Device Nodes in /dev.
         Starting udev Kernel Device Manager...
[[0;32m  OK  [0m] Started udev Kernel Device Manager.
[[0;32m  OK  [0m] Started Dispatch Password Requests to Console Directory Watch.
[[0;32m  OK  [0m] Reached target Local File Systems (Pre).
[[0;32m  OK  [0m] Reached target Local File Systems.
         Starting Create Volatile Files and Directories...
         Starting LSB: AppArmor initialization...
         Starting Tell Plymouth To Write Out Runtime Data...
         Starting Set console font and keymap...
[[0;32m  OK  [0m] Started Tell Plymouth To Write Out Runtime Data.
[[0;32m  OK  [0m] Found device /dev/ttyS0.
[[0;32m  OK  [0m] Started Create Volatile Files and Directories.
         Starting Update UTMP about System Boot/Shutdown...
[[0;32m  OK  [0m] Reached target System Time Synchronized.
[[0;32m  OK  [0m] Started Update UTMP about System Boot/Shutdown.
[[0;32m  OK  [0m] Found device 82540EM Gigabit Ethern...r (PRO/1000 MT Desktop Adapter).
[[0;32m  OK  [0m] Listening on Load/Save RF Kill Switch Status /dev/rfkill Watch.
[[0;32m  OK  [0m] Started Set console font and keymap.
[[0;32m  OK  [0m] Created slice system-getty.slice.
[[0;32m  OK  [0m] Started LSB: AppArmor initialization.
[   58.778084] cloud-init[437]: Cloud-init v. 17.1 running 'init-local' at Tue, 06 Feb 2018 12:30:32 +0000. Up 57.65 seconds.
[[0;32m  OK  [0m] Started Initial cloud-init job (pre-networking).
[[0;32m  OK  [0m] Reached target Network (Pre).
[[0;32m  OK  [0m] Started ifup for enp0s3.
         Starting Raise network interfaces...
[[0;32m  OK  [0m] Started Raise network interfaces.
[[0;32m  OK  [0m] Reached target Network.
         Starting Initial cloud-init job (metadata service crawler)...
[   62.696316] cloud-init[966]: Cloud-init v. 17.1 running 'init' at Tue, 06 Feb 2018 12:30:34 +0000. Up 60.24 seconds.
[   62.785617] cloud-init[966]: ci-info: ++++++++++++++++++++++++++++++++++++++Net ddvice info++++++++++++++++++++++++++++++++++++++
[[0;32m  OK  [0m] Started Initial cloud-init job (metadata service crawler).
[   62.928275] cloud-init[966]: ci-info: +--------+------+-----------------------------+---------------+-------+-------------------+
[   63.113701] cloud-init[966]: ci-info: | Device |  Up  |           Address           |      Mask     | Scope |     Hw-Address    |
[   63.252880] cloud-init[966]: ci-info: +--------+------+-----------------------------+---------------+-------+-------------------+
[[0;32m  OK  [0m] Reached target System Initialization.
[   63.386515] cloud-init[966]: ci-info: | enp0s3 | True |          10.0.2.15          | 255.255.255.0 |   .   | 08:00:27:ce:35:23 |
[   63.461854] cloud-init[966]: ci-info: | enp0s3 | True | fe80::a00:27ff:fece:3523/64 |       .       |  link | 08:00:27:ce:35:23 |
[[0;32m  OK  [0m] Started ACPI Events Check.
[[0;32m  OK  [0m] Reached target Paths.
[   63.515055] cloud-init[966]: ci-info: |   lo   | True |          127.0.0.1          |   255.0.0.0   |   .   |         .         |
         Starting LXD - unix socket.
[   63.599184]          cloud-initStarting Socket activation for snappy daemon.[966]: 
ci-info: |   lo   | True |           ::1/128           |       .       |  host |         .         |
[   63.692488] [cloud-init[0;32m  OK  [0m[966]: ] ci-info: +--------+------+-----------------------------+---------------+-------+-------------------+Listening on D-Bus System Message Bus Socket.

[[0;32m  OK  [0m] Listening on ACPID Listen Socket.
[[0;32m  OK  [0m] Startee Daily Cleanup of Temporary Directories.
[   63.693310] cloud-init[966]: ci-info: +++++++++++++++++++++++++++Route IPv4 info++++++++++++++++++++++++++++
[   63.939479] [cloud-init[0;32m  OK  [0m[966]: ] ci-info: +-------+-------------+----------+---------------+-----------+-------+Listening on UUID daemon activation socket.

[   63.941519] cloud-init[966]: ci-info: | Route | Destination | Gateway  |    Genmask    | Interface | Flags |
[   64.077507] [cloud-init[0;32m  OK  [0m[966]: ] ci-info: +-------+-------------+----------+---------------+-----------+-------+Started Timer to automatically refresh installed snaps.

[   64.189240] [cloud-init[0;32m  OK  [0m[966]: ] ci-info: |   0   |   0.0.0.0   | 10.0.2.2 |    0.0.0.0    |   enp0s3  |   UG  |Reached target Network is Online.

[   64.190845] [cloud-init[0;32m  OK  [0m[966]: ] ci-info: |   1   |   10.0.2.0  | 0.0.0.0  | 255.255.255.0 |   enp0s3  |   U   |Started Daily apt download activities.

[   64.421465] [[0;32m  OK  [0m] Started Daily apt upgrade and clean activities.
[[0;32m  OK  [0m] Reached target Timers.
cloud-init[966]: ci-info: +-------+-------------+----------+---------------+-----------+-------+
         Starting iSCSI initiator daemon (iscsid)...
[[0;32m  OK  [0m] Reached target Cloud-config availability.
[[0;32m  OK  [0m] Listening on LXD - unix socket.
[[0;32m  OK  [0m] Listening on Socket activation for snappy daemon.
[[0;32m  OK  [0m] Reached target Sockets.
[[0;32m  OK  [0m] Reached target Basic System.
         Starting Apply the settings specified in cloud-config...
[[0;32m  OK  [0m] Started Unattended Upgrades Shutdown.
         Starting System Logging Service...
[[0;32m  OK  [0m] Started FUSE filesystem for LXC.
         Starting LSB: MD monitoring daemon...
[[0;32m  OK  [0m] Started Regular background program processing daemon.
         Starting Login Service...
         Starting Accounts Service...
         Starting PostgreSQL Cluster 9.5-main...
         Starting LSB: Record successful boot for GRUB...
[[0;32m  OK  [0m] Started Deferred execution scheduler.
         Starting Snappy daemon...
         Starting /etc/rc.local Compatibility...
[[0;32m  OK  [0m] Started D-Bus System Message Bus.
[   65.879023] cloud-init[1022]: Cloud-init v. 17.1 running 'modules:config' at Tue, 06 Feb 2018 12:30:39 +0000. Up 65.21 seconds.
[[0;32m  OK  [0m] Started ACPI event daemon.
         Starting OpenBSD Secure Shell server...
         Starting LXD - container startup/shutdown...
[[0;32m  OK  [0m] Started System Logging Service.
[[0;32m  OK  [0m] Started iSCSI initiator daemon (iscsid).
[[0;32m  OK  [0m] Started Apply the settings specified in cloud-config.
[[0;32m  OK  [0m] Started /etc/rc.local Compatibility.
         Starting Login to default iSCSI targets...
[[0;32m  OK  [0m] Started Login Service.
         Starting Authenticate and Authorize Users to Run Privileged Tasks...
[[0;32m  OK  [0m] Started LSB: MD monitoring daemon.
[[0;32m  OK  [0m] Started LSB: Record successful boot for GRUB.
[[0;32m  OK  [0m] Started Login to default iSCSI targets.
[[0;32m  OK  [0m] Reached target Remote File Systems (Pre).
[[0;32m  OK  [0m] Reached target Remote File Systems.
         Starting LSB: automatic crash report generation...
         Starting Permit User Sessions...
         Starting LSB: Start/stop sysstat's sadc...
         Starting LSB: Set the CPU Frequency Scaling governor to "ondemand"...
         Starting LSB: daemon to balance interrupts for SMP systems...
         Starting LSB: VirtualBox Linux Additions...
[[0;32m  OK  [0m] Started Permit User Sessions.
[[0;32m  OK  [0m] Started Authenticate and Authorize Users to Run Privileged Tasks.
[[0;32m  OK  [0m] Started OpenBSD Secure Shell server.
[[0;32m  OK  [0m] Started Accounts Service.
[[0;32m  OK  [0m] Started LSB: Set the CPU Frequency Scaling governor to "ondemand".
         Starting Hold until boot process finishes up...
         Starting Terminate Plymouth Boot Screen...
[[0;32m  OK  [0m] Started LSB: Start/stop sysstat's sadc.
[[0;32m  OK  [0m] Started LSB: daemon to balance interrupts for SMP systems.
[[0;32m  OK  [0m] Started LSB: automatic crash report generation.
[[0;32m  OK  [0m] Started Hold until boot process finishes up.
[[0;32m  OK  [0m] Started Terminate Plymouth Boot Screen.
[[0;32m  OK  [0m] Started Getty on tty1.
         Starting Set console scheme...
[[0;32m  OK  [0m] Started Serial Getty on ttyS0.
[[0;32m  OK  [0m] Reached target Login Prompts.
[[0;32m  OK  [0m] Started Set console scheme.
[[0;32m  OK  [0m] Started LSB: VirtualBox Linux Additions.
[[0;32m  OK  [0m] Started Snappy daemon.
[[0;32m  OK  [0m] Started LXD - container startup/shutdown.
[   75.131844] cloud-init[1243]: Cloud-init v. 17.1 running 'modules:final' at Tue, 06 Feb 2018 12:30:49 +0000. Up 74.80 seconds.
[   75.132943] cloud-init[1243]: Cloud-init v. 17.1 finished at Tue, 06 Feb 2018 12:30:49 +0000. Datasource DataSourceNoCloud [seed=/dev/sdb][dsmode=net].  Up 75.12 seconds

Ubuntu 16.04.3 LTS ubuntu-xenial ttyS0

ubuntu-xenial login: 